// Jest Snapshot v1, https://goo.gl/fbAQLP

exports[`CounterContainer component test Renders correctly (take snapshot) 1`] = `
<View
  style={
    Object {
      "backgroundColor": "black",
      "height": 400,
    }
  }
>
  <Text
    style={
      Object {
        "color": "#fff",
      }
    }
    testID="outputValue"
  >
    10
  </Text>
  <View>
    <View
      accessibilityRole="button"
      accessibilityState={Object {}}
      accessible={true}
      focusable={true}
      onClick={[Function]}
      onResponderGrant={[Function]}
      onResponderMove={[Function]}
      onResponderRelease={[Function]}
      onResponderTerminate={[Function]}
      onResponderTerminationRequest={[Function]}
      onStartShouldSetResponder={[Function]}
      style={
        Object {
          "opacity": 1,
        }
      }
      testID="incrementBtn"
    >
      <View
        style={
          Array [
            Object {},
          ]
        }
      >
        <Text
          style={
            Array [
              Object {
                "color": "#007AFF",
                "fontSize": 18,
                "margin": 8,
                "textAlign": "center",
              },
            ]
          }
        >
          Increment
        </Text>
      </View>
    </View>
    <View
      accessibilityRole="button"
      accessibilityState={Object {}}
      accessible={true}
      focusable={true}
      onClick={[Function]}
      onResponderGrant={[Function]}
      onResponderMove={[Function]}
      onResponderRelease={[Function]}
      onResponderTerminate={[Function]}
      onResponderTerminationRequest={[Function]}
      onStartShouldSetResponder={[Function]}
      style={
        Object {
          "opacity": 1,
        }
      }
      testID="decrementBtn"
    >
      <View
        style={
          Array [
            Object {},
          ]
        }
      >
        <Text
          style={
            Array [
              Object {
                "color": "#007AFF",
                "fontSize": 18,
                "margin": 8,
                "textAlign": "center",
              },
            ]
          }
        >
          Decriment
        </Text>
      </View>
    </View>
    <TextInput
      allowFontScaling={true}
      keyboardType="numeric"
      onChangeText={[Function]}
      rejectResponderTermination={true}
      style={
        Object {
          "backgroundColor": "#fff",
        }
      }
      testID="inputValue"
      underlineColorAndroid="transparent"
      value="0"
    />
    <View
      accessibilityRole="button"
      accessibilityState={Object {}}
      accessible={true}
      focusable={true}
      onClick={[Function]}
      onResponderGrant={[Function]}
      onResponderMove={[Function]}
      onResponderRelease={[Function]}
      onResponderTerminate={[Function]}
      onResponderTerminationRequest={[Function]}
      onStartShouldSetResponder={[Function]}
      style={
        Object {
          "opacity": 1,
        }
      }
      testID="setValueButton"
    >
      <View
        style={
          Array [
            Object {},
          ]
        }
      >
        <Text
          style={
            Array [
              Object {
                "color": "#007AFF",
                "fontSize": 18,
                "margin": 8,
                "textAlign": "center",
              },
            ]
          }
        >
          Set value
        </Text>
      </View>
    </View>
    <View
      accessible={true}
      collapsable={false}
      focusable={true}
      onBlur={[Function]}
      onClick={[Function]}
      onFocus={[Function]}
      onResponderGrant={[Function]}
      onResponderMove={[Function]}
      onResponderRelease={[Function]}
      onResponderTerminate={[Function]}
      onResponderTerminationRequest={[Function]}
      onStartShouldSetResponder={[Function]}
    >
      <View
        style={
          Object {
            "alignItems": "center",
            "backgroundColor": "#74B3CE",
            "borderRadius": 4,
            "height": 50,
            "justifyContent": "center",
            "marginVertical": 10,
            "width": "100%",
          }
        }
      >
        <Text
          style={
            Object {
              "color": "white",
              "fontSize": 16,
            }
          }
        >
          qq
        </Text>
      </View>
    </View>
    <Image
      source={
        Object {
          "testUri": "../../../src/Assets/cat.png",
        }
      }
    />
  </View>
</View>
`;
